<html>
<body>
<pre>
<h1>µVision Build Log</h1>
<h2>Tool Versions:</h2>
IDE-Version: µVision V5.28.0.0
Copyright (C) 2019 ARM Ltd and ARM Germany GmbH. All rights reserved.
License Information: Firas Ghazi, Firas's company, LIC=----
 
Tool Versions:
Toolchain:       MDK-Lite  Version: 5.28.0.0
Toolchain Path:  C:\Keil_v5\ARM\ARMCC\Bin
C Compiler:      Armcc.exe V5.06 update 6 (build 750)
Assembler:       Armasm.exe V5.06 update 6 (build 750)
Linker/Locator:  ArmLink.exe V5.06 update 6 (build 750)
Library Manager: ArmAr.exe V5.06 update 6 (build 750)
Hex Converter:   FromElf.exe V5.06 update 6 (build 750)
CPU DLL:         SARMCM3.DLL V5.28.0.0
Dialog DLL:      DCM.DLL V1.17.3.0
Target DLL:      lmidk-agdi.dll V???
Dialog DLL:      TCM.DLL V1.36.2.0
 
<h2>Project:</h2>
C:\Users\NEMFi\Desktop\SquareWaveGenerator\SquareWaveGenerator.uvprojx
Project File Date:  05/17/2024

<h2>Output:</h2>
*** Using Compiler 'V5.06 update 6 (build 750)', folder: 'C:\Keil_v5\ARM\ARMCC\Bin'
Build target 'Target 1'
compiling main.c...
main.c(3): warning:  #1295-D: Deprecated declaration initialize_PWM - give arg types
  void initialize_PWM();
main.c(4): warning:  #1295-D: Deprecated declaration togglePWM - give arg types
  void togglePWM();
main.c(6): warning:  #1295-D: Deprecated declaration initializePWMTogglingButton - give arg types
  void initializePWMTogglingButton();
main.c(8): warning:  #1295-D: Deprecated declaration initializeUART - give arg types
  void initializeUART();
main.c(10): warning:  #1295-D: Deprecated declaration receiveData - give arg types
  void receiveData();
main.c(29): warning:  #111-D: statement is unreachable
  	return 0;
main.c(138): warning:  #1-D: last line of file ends without a newline
  }
main.c: 7 warnings, 0 errors
linking...
Program Size: Code=1568 RO-data=652 RW-data=12 ZI-data=612  
".\Objects\SquareWaveGenerator.axf" - 0 Error(s), 7 Warning(s).

<h2>Software Packages used:</h2>

Package Vendor: ARM
                http://www.keil.com/pack/ARM.CMSIS.5.5.1.pack
                ARM.CMSIS.5.5.1
                CMSIS (Cortex Microcontroller Software Interface Standard)
   * Component: CORE Version: 5.2.0

Package Vendor: Keil
                http://www.keil.com/pack/Keil.TM4C_DFP.1.1.0.pack
                Keil.TM4C_DFP.1.1.0
                Texas Instruments Tiva C Series Device Support and Examples
   * Component: Startup Version: 1.0.1

<h2>Collection of Component include folders:</h2>
  .\RTE\_Target_1
  C:\Keil_v5l\Arm\Packs\ARM\CMSIS\5.5.1\CMSIS\Core\Include
  C:\Keil_v5l\Arm\Packs\Keil\TM4C_DFP\1.1.0\Device\Include\TM4C123

<h2>Collection of Component Files used:</h2>

   * Component: ARM::CMSIS:CORE:5.2.0

   * Component: Keil::Device:Startup:1.0.1
      Include file:  Device\Include\TM4C123\TM4C123.h
      Source file:   Device\Source\system_TM4C123.c
      Source file:   Device\Source\ARM\startup_TM4C123.s
Build Time Elapsed:  00:00:00
</pre>
</body>
</html>
